// Jest Snapshot v1, https://goo.gl/fbAQLP

exports[`<ButtonTestComponent /> should render ButtonTestComponent 1`] = `<div />`;
