// Jest Snapshot v1, https://goo.gl/fbAQLP

exports[`<Error /> should render Error 1`] = `
<div
  class="ui error message"
>
  <p
    class="header"
  />
</div>
`;
