// Jest Snapshot v1, https://goo.gl/fbAQLP

exports[`<Avatar /> should render Avatar 1`] = `
<img
  class="ui avatar image"
/>
`;
